
> contract_monitoring@0.1.0 build
> next build

Γû▓ Next.js 16.1.6 (Turbopack)
- Environments: .env.local

  Creating an optimized production build ...
Γ£ô Compiled successfully in 4.7s
  Running TypeScript ...
  Collecting page data using 7 workers ...
  Generating static pages using 7 workers (0/18) ...
  Generating static pages using 7 workers (4/18) 
  Generating static pages using 7 workers (8/18) 
  Generating static pages using 7 workers (13/18) 
Γ£ô Generating static pages using 7 workers (18/18) in 571.5ms
  Finalizing page optimization ...

Route (app)
Γöî Γùï /
Γö£ Γùï /_not-found
Γö£ ╞Æ /contracts/[id]
Γö£ Γùï /dashboard
Γö£ Γùï /dashboard/audit-logs
Γö£ Γùï /dashboard/cashier
Γö£ Γùï /dashboard/contracts
Γö£ ╞Æ /dashboard/contracts/[id]
Γö£ ╞Æ /dashboard/contracts/[id]/edit
Γö£ ╞Æ /dashboard/contracts/[id]/qr
Γö£ Γùï /dashboard/contracts/new
Γö£ Γùï /dashboard/messages
Γö£ Γùï /dashboard/notifications
Γö£ Γùï /dashboard/payments
Γö£ ╞Æ /dashboard/payments/[id]
Γö£ Γùï /dashboard/payments/new
Γö£ Γùï /dashboard/reports
Γö£ Γùï /dashboard/spaces
Γö£ Γùï /dashboard/tenants
Γö£ ╞Æ /dashboard/tenants/[id]
Γö£ ╞Æ /dashboard/tenants/[id]/edit
Γö£ Γùï /dashboard/tenants/new
Γöö Γùï /login


Γùï  (Static)   prerendered as static content
╞Æ  (Dynamic)  server-rendered on demand

